// Jest Snapshot v1, https://goo.gl/fbAQLP

exports[`Environment #preload should resolve if all the queries are satisfied 1`] = `"{\\"size\\":10,\\"ttl\\":1000,\\"cache\\":{\\"GET api/q0\\":{\\"foo\\":\\"bar\\"},\\"GET api/q1\\":{\\"foo\\":\\"bar\\"}}}"`;
